
[1m[46m RUN [49m[22m [36mv4.0.18 [39m[90mC:/sinfon_IA/frontend[39m

node.exe : [90mstderr[2m | src/components/AudioUploader.test.jsx[2m > [22m[2mIntegration Tests[2m > [22m[2mshows loading state and then results
At C:\Program Files\nodejs\npx.ps1:16 char:5
+     & "$basedir/node$exe"  "$basedir/node_modules/npm/bin/npx-cli.js" ...
+     ~~~~~~~~~~~~~~~~~~~~~~~~~~~~~~~~~~~~~~~~~~~~~~~~~~~~~~~~~~~~~~~~~
    + CategoryInfo          : NotSpecified: ([90mstderr[2m...nd then results:String) [], RemoteException
    + FullyQualifiedErrorId : NativeCommandError
 
[22m[39mAn error occurred in the <ResultsView> component.

Consider adding an error boundary to your tree to customize error handling behavior.
Visit https://react.dev/link/error-boundaries to learn more about error boundaries.


 [31mÔØ»[39m src/components/AudioUploader.test.jsx [2m([22m[2m4 tests[22m[2m | [22m[31m1 failed[39m[2m)[22m[33m 1562[2mms[22m[39m
     [32mÔ£ô[39m accepts .mp3 and .wav files[32m 78[2mms[22m[39m
     [32mÔ£ô[39m rejects invalid file types[32m 13[2mms[22m[39m
     [32mÔ£ô[39m calls onAnalyze when analyze button is clicked[32m 288[2mms[22m[39m
[31m     [31m├ù[31m shows loading state and then results[39m[33m 1179[2mms[22m[39m

[31mÔÄ»ÔÄ»ÔÄ»ÔÄ»ÔÄ»ÔÄ»ÔÄ»[39m[1m[41m Failed Tests 1 [49m[22m[31mÔÄ»ÔÄ»ÔÄ»ÔÄ»ÔÄ»ÔÄ»ÔÄ»[39m

[41m[1m FAIL [22m[49m src/components/AudioUploader.test.jsx[2m > [22mIntegration Tests[2m > [22mshows loading state and then results
[31m[1mTestingLibraryElementError[22m: Unable to find an element with the text: Mama, just killed a man. This could be because the text is broken up by multiple elements. In this case, you can provide a function for your text matcher to 
make your matcher more flexible.

Ignored nodes: comments, script, style
[36m<body>[31m
  [36m<div />[31m
[36m</body>[31m

Ignored nodes: comments, script, style
[36m<html>[31m
  [36m<head />[31m
  [36m<body>[31m
    [36m<div />[31m
  [36m</body>[31m
[36m</html>[31m[39m
[90m [2mÔØ»[22m Proxy.waitForWrapper node_modules/@testing-library/dom/dist/wait-for.js:[2m163:27[22m[39m
[36m [2mÔØ»[22m src/components/AudioUploader.test.jsx:[2m107:15[22m[39m
    [90m105| [39m
    [90m106| [39m        [90m// 4. Verify Results[39m
    [90m107| [39m        [35mawait[39m [34mwaitFor[39m(() [33m=>[39m {
    [90m   | [39m              [31m^[39m
    [90m108| [39m            expect(screen.getByText("Mama, just killed a man")).toBeInÔÇª
    [90m109| [39m            expect(screen.getByText("Mama, acabei de matar um homem"))ÔÇª

[31m[2mÔÄ»ÔÄ»ÔÄ»ÔÄ»ÔÄ»ÔÄ»ÔÄ»ÔÄ»ÔÄ»ÔÄ»ÔÄ»ÔÄ»ÔÄ»ÔÄ»ÔÄ»ÔÄ»ÔÄ»ÔÄ»ÔÄ»ÔÄ»ÔÄ»ÔÄ»ÔÄ»ÔÄ»[1/1]ÔÄ»[22m[39m

[31mÔÄ»ÔÄ»ÔÄ»ÔÄ»ÔÄ»ÔÄ»[39m[1m[41m Unhandled Errors [49m[22m[31mÔÄ»ÔÄ»ÔÄ»ÔÄ»ÔÄ»ÔÄ»[39m
[31m[1m
Vitest caught 1 unhandled error during the test run.
This might cause false positive tests. Resolve unhandled errors to make sure your tests are not affected.[22m[39m

[31mÔÄ»ÔÄ»ÔÄ»ÔÄ»ÔÄ»[39m[1m[41m Uncaught Exception [49m[22m[31mÔÄ»ÔÄ»ÔÄ»ÔÄ»ÔÄ»[39m
[31m[1mTypeError[22m: originalEl.scrollIntoView is not a function[39m
[36m [2mÔØ»[22m src/components/ResultsView.jsx:[2m21:28[22m[39m

[2m Test Files [22m [1m[31m1 failed[39m[22m[90m (1)[39m
[2m      Tests [22m [1m[31m1 failed[39m[22m[2m | [22m[1m[32m3 passed[39m[22m[90m (4)[39m
[2m     Errors [22m [1m[31m1 error[39m[22m
[2m   Start at [22m 07:43:43
[2m   Duration [22m 5.50s[2m (transform 248ms, setup 234ms, import 1.67s, tests 1.56s, environment 1.74s)[22m

    [90m 19| [39m            [35mconst[39m originalEl [33m=[39m originalRefs[33m.[39mcurrent[activeLineIndex]
    [90m 20| [39m            [35mif[39m (originalEl) {
    [90m 21| [39m                originalEl.scrollIntoView({ behavior: 'smooth', block:ÔÇª
    [90m   | [39m                           [31m^[39m
    [90m 22| [39m            }
    [90m 23| [39m
[90m [2mÔØ»[22m Object.react_stack_bottom_frame node_modules/react-dom/cjs/react-dom-client.development.js:[2m25989:20[22m[39m
[90m [2mÔØ»[22m runWithFiberInDEV node_modules/react-dom/cjs/react-dom-client.development.js:[2m874:13[22m[39m
[90m [2mÔØ»[22m commitHookEffectListMount node_modules/react-dom/cjs/react-dom-client.development.js:[2m13249:29[22m[39m
[90m [2mÔØ»[22m commitHookPassiveMountEffects node_modules/react-dom/cjs/react-dom-client.development.js:[2m13336:11[22m[39m
[90m [2mÔØ»[22m commitPassiveMountOnFiber node_modules/react-dom/cjs/react-dom-client.development.js:[2m15484:13[22m[39m
[90m [2mÔØ»[22m recursivelyTraversePassiveMountEffects node_modules/react-dom/cjs/react-dom-client.development.js:[2m15439:11[22m[39m
[90m [2mÔØ»[22m commitPassiveMountOnFiber node_modules/react-dom/cjs/react-dom-client.development.js:[2m15718:11[22m[39m
[90m [2mÔØ»[22m recursivelyTraversePassiveMountEffects node_modules/react-dom/cjs/react-dom-client.development.js:[2m15439:11[22m[39m
[90m [2mÔØ»[22m commitPassiveMountOnFiber node_modules/react-dom/cjs/react-dom-client.development.js:[2m15718:11[22m[39m

[31mThis error originated in "[1msrc/components/AudioUploader.test.jsx[22m" test file. It doesn't mean the error was thrown inside the file itself, but while it was running.[39m
[31mThe latest test that might've caused the error is "[1mshows loading state and then results[22m". It might mean one of the following:
- The error was thrown, while Vitest was running this test.
- If the error occurred after the test had been completed, this was the last documented test before it was thrown.[39m
[31mÔÄ»ÔÄ»ÔÄ»ÔÄ»ÔÄ»ÔÄ»ÔÄ»ÔÄ»ÔÄ»ÔÄ»ÔÄ»ÔÄ»ÔÄ»ÔÄ»ÔÄ»ÔÄ»ÔÄ»ÔÄ»ÔÄ»ÔÄ»ÔÄ»ÔÄ»ÔÄ»ÔÄ»ÔÄ»ÔÄ»ÔÄ»ÔÄ»ÔÄ»ÔÄ»[39m

